Archive member included to satisfy reference by file (symbol)

lib/orangescrt.a(printf.o)    kernel/main.o (printf)
lib/orangescrt.a(vsprintf.o)  kernel/main.o (vsprintf)
lib/orangescrt.a(string.o)    kernel/start.o (memcpy)
lib/orangescrt.a(misc.o)      kernel/main.o (send_recv)
lib/orangescrt.a(open.o)      kernel/main.o (open)
lib/orangescrt.a(read.o)      kernel/main.o (read)
lib/orangescrt.a(write.o)     kernel/main.o (write)
lib/orangescrt.a(close.o)     kernel/main.o (close)
lib/orangescrt.a(getpid.o)    kernel/main.o (getpid)
lib/orangescrt.a(stat.o)      mm/exec.o (stat)
lib/orangescrt.a(fork.o)      kernel/main.o (fork)
lib/orangescrt.a(wait.o)      kernel/main.o (wait)
lib/orangescrt.a(exec.o)      kernel/main.o (execv)
lib/orangescrt.a(check.o)     kernel/main.o (check)
lib/orangescrt.a(syscall.o)   lib/orangescrt.a(misc.o) (sendrec)
lib/orangescrt.a(lseek.o)     lib/orangescrt.a(check.o) (lseek)

Allocating common symbols
Common symbol       size              file

idt_ptr             0x6               kernel/global.o
inode_table         0xb00             kernel/global.o
task_stack          0x24000           kernel/global.o
k_reenter           0x4               kernel/global.o
gdt                 0x400             kernel/global.o
current_console     0x4               kernel/global.o
pcaller             0x4               kernel/global.o
tty_table           0xc6c             kernel/global.o
tss                 0x68              kernel/global.o
fs_msg              0x30              kernel/global.o
memory_size         0x4               kernel/global.o
f_desc_table        0x400             kernel/global.o
check_table         0x190             kernel/global.o
root_inode          0x4               kernel/global.o
disp_pos            0x4               kernel/global.o
mm_msg              0x30              kernel/global.o
key_pressed         0x4               kernel/global.o
gdt_ptr             0x6               kernel/global.o
idt                 0x800             kernel/global.o
super_block         0x1e0             kernel/global.o
PARTITION_ENTRY     0x10              kernel/hd.o
ticks               0x4               kernel/global.o
console_table       0x3c              kernel/global.o
irq_table           0x40              kernel/global.o
p_proc_ready        0x4               kernel/global.o
proc_table          0x3aae            kernel/global.o

Discarded input sections

 .note.GNU-stack
                0x0000000000000000        0x0 kernel/start.o
 .note.GNU-stack
                0x0000000000000000        0x0 kernel/main.o
 .note.GNU-stack
                0x0000000000000000        0x0 kernel/clock.o
 .note.GNU-stack
                0x0000000000000000        0x0 kernel/keyboard.o
 .note.GNU-stack
                0x0000000000000000        0x0 kernel/tty.o
 .note.GNU-stack
                0x0000000000000000        0x0 kernel/console.o
 .note.GNU-stack
                0x0000000000000000        0x0 kernel/i8259.o
 .note.GNU-stack
                0x0000000000000000        0x0 kernel/global.o
 .note.GNU-stack
                0x0000000000000000        0x0 kernel/protect.o
 .note.GNU-stack
                0x0000000000000000        0x0 kernel/proc.o
 .note.GNU-stack
                0x0000000000000000        0x0 kernel/systask.o
 .note.GNU-stack
                0x0000000000000000        0x0 kernel/hd.o
 .note.GNU-stack
                0x0000000000000000        0x0 kernel/klib.o
 .note.GNU-stack
                0x0000000000000000        0x0 lib/syslog.o
 .note.GNU-stack
                0x0000000000000000        0x0 mm/main.o
 .note.GNU-stack
                0x0000000000000000        0x0 mm/forkexit.o
 .note.GNU-stack
                0x0000000000000000        0x0 mm/exec.o
 .note.GNU-stack
                0x0000000000000000        0x0 fs/main.o
 .note.GNU-stack
                0x0000000000000000        0x0 fs/open.o
 .note.GNU-stack
                0x0000000000000000        0x0 fs/misc.o
 .note.GNU-stack
                0x0000000000000000        0x0 fs/read_write.o
 .note.GNU-stack
                0x0000000000000000        0x0 fs/link.o
 .note.GNU-stack
                0x0000000000000000        0x0 fs/disklog.o
 .note.GNU-stack
                0x0000000000000000        0x0 lib/orangescrt.a(printf.o)
 .note.GNU-stack
                0x0000000000000000        0x0 lib/orangescrt.a(vsprintf.o)
 .note.GNU-stack
                0x0000000000000000        0x0 lib/orangescrt.a(misc.o)
 .note.GNU-stack
                0x0000000000000000        0x0 lib/orangescrt.a(open.o)
 .note.GNU-stack
                0x0000000000000000        0x0 lib/orangescrt.a(read.o)
 .note.GNU-stack
                0x0000000000000000        0x0 lib/orangescrt.a(write.o)
 .note.GNU-stack
                0x0000000000000000        0x0 lib/orangescrt.a(close.o)
 .note.GNU-stack
                0x0000000000000000        0x0 lib/orangescrt.a(getpid.o)
 .note.GNU-stack
                0x0000000000000000        0x0 lib/orangescrt.a(stat.o)
 .note.GNU-stack
                0x0000000000000000        0x0 lib/orangescrt.a(fork.o)
 .note.GNU-stack
                0x0000000000000000        0x0 lib/orangescrt.a(wait.o)
 .note.GNU-stack
                0x0000000000000000        0x0 lib/orangescrt.a(exec.o)
 .note.GNU-stack
                0x0000000000000000        0x0 lib/orangescrt.a(check.o)
 .note.GNU-stack
                0x0000000000000000        0x0 lib/orangescrt.a(lseek.o)

Memory Configuration

Name             Origin             Length             Attributes
*default*        0x0000000000000000 0xffffffffffffffff

Linker script and memory map

Address of section .text set to 0x1000
LOAD kernel/kernel.o
LOAD kernel/start.o
LOAD kernel/main.o
LOAD kernel/clock.o
LOAD kernel/keyboard.o
LOAD kernel/tty.o
LOAD kernel/console.o
LOAD kernel/i8259.o
LOAD kernel/global.o
LOAD kernel/protect.o
LOAD kernel/proc.o
LOAD kernel/systask.o
LOAD kernel/hd.o
LOAD kernel/kliba.o
LOAD kernel/klib.o
LOAD lib/syslog.o
LOAD mm/main.o
LOAD mm/forkexit.o
LOAD mm/exec.o
LOAD fs/main.o
LOAD fs/open.o
LOAD fs/misc.o
LOAD fs/read_write.o
LOAD fs/link.o
LOAD fs/disklog.o
LOAD lib/orangescrt.a
                [!provide]                        PROVIDE (__executable_start, 0x8048000)
                0x0000000008048094                . = (0x8048000 + SIZEOF_HEADERS)

.interp
 *(.interp)

.note.gnu.build-id
 *(.note.gnu.build-id)

.hash
 *(.hash)

.gnu.hash
 *(.gnu.hash)

.dynsym
 *(.dynsym)

.dynstr
 *(.dynstr)

.gnu.version
 *(.gnu.version)

.gnu.version_d
 *(.gnu.version_d)

.gnu.version_r
 *(.gnu.version_r)

.rel.dyn        0x0000000008048094        0x0
 *(.rel.init)
 *(.rel.text .rel.text.* .rel.gnu.linkonce.t.*)
 .rel.text      0x0000000008048094        0x0 kernel/kernel.o
 *(.rel.fini)
 *(.rel.rodata .rel.rodata.* .rel.gnu.linkonce.r.*)
 *(.rel.data.rel.ro .rel.data.rel.ro.* .rel.gnu.linkonce.d.rel.ro.*)
 *(.rel.data .rel.data.* .rel.gnu.linkonce.d.*)
 .rel.data      0x0000000008048094        0x0 kernel/kernel.o
 *(.rel.tdata .rel.tdata.* .rel.gnu.linkonce.td.*)
 *(.rel.tbss .rel.tbss.* .rel.gnu.linkonce.tb.*)
 *(.rel.ctors)
 *(.rel.dtors)
 *(.rel.got)
 *(.rel.bss .rel.bss.* .rel.gnu.linkonce.b.*)
 *(.rel.ifunc)

.rel.plt        0x0000000008048094        0x0
 *(.rel.plt)
                [!provide]                        PROVIDE (__rel_iplt_start, .)
 *(.rel.iplt)
 .rel.iplt      0x0000000008048094        0x0 kernel/kernel.o
                [!provide]                        PROVIDE (__rel_iplt_end, .)

.init
 *(SORT(.init))

.plt            0x00000000080480a0        0x0
 *(.plt)
 *(.iplt)
 .iplt          0x00000000080480a0        0x0 kernel/kernel.o

.plt.got
 *(.plt.got)

.text           0x0000000000001000     0xc2df
 *(.text.unlikely .text.*_unlikely .text.unlikely.*)
 *(.text.exit .text.exit.*)
 *(.text.startup .text.startup.*)
 *(.text.hot .text.hot.*)
 *(.text .stub .text.* .gnu.linkonce.t.*)
 .text          0x0000000000001000      0x410 kernel/kernel.o
                0x0000000000001000                _start
                0x0000000000001040                hwint00
                0x0000000000001070                hwint01
                0x00000000000010a0                hwint02
                0x00000000000010d0                hwint03
                0x0000000000001100                hwint04
                0x0000000000001130                hwint05
                0x0000000000001160                hwint06
                0x0000000000001190                hwint07
                0x00000000000011c0                hwint08
                0x00000000000011f0                hwint09
                0x0000000000001220                hwint10
                0x0000000000001250                hwint11
                0x0000000000001280                hwint12
                0x00000000000012b0                hwint13
                0x00000000000012e0                hwint14
                0x0000000000001310                hwint15
                0x0000000000001334                divide_error
                0x000000000000133a                single_step_exception
                0x0000000000001340                nmi
                0x0000000000001346                breakpoint_exception
                0x000000000000134c                overflow
                0x0000000000001352                bounds_check
                0x0000000000001358                inval_opcode
                0x000000000000135e                copr_not_available
                0x0000000000001364                double_fault
                0x0000000000001368                copr_seg_overrun
                0x000000000000136e                inval_tss
                0x0000000000001372                segment_not_present
                0x0000000000001376                stack_exception
                0x000000000000137a                general_protection
                0x000000000000137e                page_fault
                0x0000000000001382                copr_error
                0x00000000000013cb                sys_call
                0x00000000000013eb                restart
 .text          0x0000000000001410       0x95 kernel/start.o
                0x0000000000001410                cstart
 .text          0x00000000000014a5      0xab8 kernel/main.o
                0x00000000000014a5                kernel_main
                0x00000000000017fb                get_ticks
                0x000000000000182f                untar
                0x0000000000001b14                shabby_shell
                0x0000000000001d98                Init
                0x0000000000001f05                TestA
                0x0000000000001f0a                TestB
                0x0000000000001f0f                TestC
                0x0000000000001f14                panic
 .text          0x0000000000001f5d      0x111 kernel/clock.o
                0x0000000000001f5d                clock_handler
                0x0000000000001fdc                milli_delay
                0x0000000000002016                init_clock
 .text          0x000000000000206e      0x6da kernel/keyboard.o
                0x000000000000206e                keyboard_handler
                0x00000000000020d8                init_keyboard
                0x0000000000002187                keyboard_read
 .text          0x0000000000002748      0xa49 kernel/tty.o
                0x0000000000002748                task_tty
                0x0000000000002939                in_process
                0x0000000000002e92                sys_printx
                0x0000000000003030                dump_tty_buf
 .text          0x0000000000003191      0x824 kernel/console.o
                0x0000000000003191                init_screen
                0x0000000000003305                out_char
                0x000000000000362f                is_current_console
                0x0000000000003722                select_console
                0x0000000000003762                scroll_screen
 .text          0x00000000000039b5      0x130 kernel/i8259.o
                0x00000000000039b5                init_8259A
                0x0000000000003a8a                spurious_irq
                0x0000000000003ac1                put_irq_handler
 .text          0x0000000000003ae5        0x0 kernel/global.o
 .text          0x0000000000003ae5      0x660 kernel/protect.o
                0x0000000000003ae5                init_prot
                0x0000000000003f4e                seg2linear
                0x0000000000003f9d                init_desc
                0x000000000000400a                exception_handler
 .text          0x0000000000004145     0x185d kernel/proc.o
                0x0000000000004145                q_push
                0x0000000000004195                q_pop
                0x00000000000041d3                schedule
                0x0000000000004462                sys_sendrec
                0x000000000000458a                ldt_seg_linear
                0x00000000000045d4                va2la
                0x0000000000004635                reset_msg
                0x00000000000053f0                inform_int
                0x000000000000555d                dump_proc
                0x0000000000005895                dump_msg
 .text          0x00000000000059a2      0x2bc kernel/systask.o
                0x00000000000059a2                task_sys
 .text          0x0000000000005c5e      0xd1e kernel/hd.o
                0x0000000000005c5e                task_hd
                0x0000000000006951                hd_handler
 *fill*         0x000000000000697c        0x4 
 .text          0x0000000000006980      0x19a kernel/kliba.o
                0x0000000000006980                disp_str
                0x00000000000069be                disp_color_str
                0x00000000000069fd                out_byte
                0x0000000000006a09                in_byte
                0x0000000000006a13                port_read
                0x0000000000006a26                port_write
                0x0000000000006a39                disable_irq
                0x0000000000006a6e                enable_irq
                0x0000000000006a8d                disable_int
                0x0000000000006a8f                enable_int
                0x0000000000006a91                glitter
 .text          0x0000000000006b1a      0x2af kernel/klib.o
                0x0000000000006b1a                get_boot_params
                0x0000000000006ba0                get_kernel_map
                0x0000000000006cb0                itoa
                0x0000000000006d5b                disp_int
                0x0000000000006d82                delay
 .text          0x0000000000006dc9       0x6f lib/syslog.o
                0x0000000000006dc9                syslog
 .text          0x0000000000006e38      0x1bc mm/main.o
                0x0000000000006e38                task_mm
                0x0000000000006f6f                alloc_mem
                0x0000000000006fea                free_mem
 .text          0x0000000000006ff4      0x61a mm/forkexit.o
                0x0000000000006ff4                do_fork
                0x0000000000007385                do_exit
                0x0000000000007556                do_wait
 .text          0x000000000000760e      0x359 mm/exec.o
                0x000000000000760e                do_exec
 .text          0x0000000000007967     0x1115 fs/main.o
                0x0000000000007967                task_fs
                0x000000000000845f                rw_sector
                0x0000000000008684                get_super_block
                0x00000000000086ca                get_inode
                0x000000000000882d                put_inode
                0x000000000000886b                sync_inode
 .text          0x0000000000008a7c      0xb8c fs/open.o
                0x0000000000008a7c                do_open
                0x0000000000008fa4                do_close
                0x000000000000901f                do_lseek
 .text          0x0000000000009608      0x3b2 fs/misc.o
                0x0000000000009608                do_stat
                0x00000000000097d9                search_file
                0x000000000000992f                strip_path
 .text          0x00000000000099ba      0x4b0 fs/read_write.o
                0x00000000000099ba                do_rdwt
 .text          0x0000000000009e6a      0x808 fs/link.o
                0x0000000000009e6a                do_unlink
 .text          0x000000000000a672     0x1fbf fs/disklog.o
                0x000000000000a672                disklog
                0x000000000000abdf                dump_fd_graph
 .text          0x000000000000c631       0xad lib/orangescrt.a(printf.o)
                0x000000000000c631                printf
                0x000000000000c69c                printl
 .text          0x000000000000c6de      0x305 lib/orangescrt.a(vsprintf.o)
                0x000000000000c73c                vsprintf
                0x000000000000c9bd                sprintf
 *fill*         0x000000000000c9e3        0xd 
 .text          0x000000000000c9f0       0x78 lib/orangescrt.a(string.o)
                0x000000000000c9f0                memcpy
                0x000000000000ca19                memset
                0x000000000000ca3a                strcpy
                0x000000000000ca52                strlen
 .text          0x000000000000ca68      0x256 lib/orangescrt.a(misc.o)
                0x000000000000ca68                send_recv
                0x000000000000cb22                memcmp
                0x000000000000cb98                strcmp
                0x000000000000cc0b                strcat
                0x000000000000cc6a                spin
                0x000000000000cc85                assertion_failure
 .text          0x000000000000ccbe       0x63 lib/orangescrt.a(open.o)
                0x000000000000ccbe                open
 .text          0x000000000000cd21       0x37 lib/orangescrt.a(read.o)
                0x000000000000cd21                read
 .text          0x000000000000cd58       0x37 lib/orangescrt.a(write.o)
                0x000000000000cd58                write
 .text          0x000000000000cd8f       0x2b lib/orangescrt.a(close.o)
                0x000000000000cd8f                close
 .text          0x000000000000cdba       0x46 lib/orangescrt.a(getpid.o)
                0x000000000000cdba                getpid
 .text          0x000000000000ce00       0x63 lib/orangescrt.a(stat.o)
                0x000000000000ce00                stat
 .text          0x000000000000ce63       0x66 lib/orangescrt.a(fork.o)
                0x000000000000ce63                fork
 .text          0x000000000000cec9       0x3c lib/orangescrt.a(wait.o)
                0x000000000000cec9                wait
 .text          0x000000000000cf05      0x237 lib/orangescrt.a(exec.o)
                0x000000000000cf05                exec
                0x000000000000cf70                execl
                0x000000000000cf95                execv
 .text          0x000000000000d13c      0x13c lib/orangescrt.a(check.o)
                0x000000000000d13c                check
                0x000000000000d215                find_position
 *fill*         0x000000000000d278        0x8 
 .text          0x000000000000d280       0x28 lib/orangescrt.a(syscall.o)
                0x000000000000d280                sendrec
                0x000000000000d29a                printx
 .text          0x000000000000d2a8       0x37 lib/orangescrt.a(lseek.o)
                0x000000000000d2a8                lseek
 *(.gnu.warning)

.fini
 *(SORT(.fini))
                [!provide]                        PROVIDE (__etext, .)
                [!provide]                        PROVIDE (_etext, .)
                [!provide]                        PROVIDE (etext, .)

.rodata         0x000000000000d2e0     0x266d
 *(.rodata .rodata.* .gnu.linkonce.r.*)
 .rodata        0x000000000000d2e0       0x47 kernel/start.o
 *fill*         0x000000000000d327        0x1 
 .rodata        0x000000000000d328      0x1e0 kernel/main.o
 .rodata        0x000000000000d508       0x64 kernel/keyboard.o
 .rodata        0x000000000000d56c      0x168 kernel/tty.o
 .rodata        0x000000000000d6d4       0x5b kernel/console.o
 .rodata        0x000000000000d72f       0x11 kernel/i8259.o
 .rodata        0x000000000000d740       0x10 kernel/global.o
                0x000000000000d740                FSBUF_SIZE
                0x000000000000d744                MMBUF_SIZE
                0x000000000000d748                LOGBUF_SIZE
                0x000000000000d74c                LOGDISKBUF_SIZE
 *fill*         0x000000000000d750       0x10 
 .rodata        0x000000000000d760      0x580 kernel/protect.o
 .rodata        0x000000000000dce0      0x5da kernel/proc.o
 .rodata        0x000000000000e2ba       0x11 kernel/systask.o
 *fill*         0x000000000000e2cb        0x1 
 .rodata        0x000000000000e2cc      0x15c kernel/hd.o
 .rodata        0x000000000000e428       0x6a kernel/klib.o
 .rodata        0x000000000000e492       0x1e lib/syslog.o
 .rodata        0x000000000000e4b0       0xb1 mm/main.o
 *fill*         0x000000000000e561        0x3 
 .rodata        0x000000000000e564       0xe7 mm/forkexit.o
 *fill*         0x000000000000e64b        0x1 
 .rodata        0x000000000000e64c       0xa4 mm/exec.o
 .rodata        0x000000000000e6f0      0x2ce fs/main.o
 *fill*         0x000000000000e9be        0x2 
 .rodata        0x000000000000e9c0      0x1c8 fs/open.o
 .rodata        0x000000000000eb88       0x60 fs/misc.o
 .rodata        0x000000000000ebe8      0x164 fs/read_write.o
 .rodata        0x000000000000ed4c      0x1ad fs/link.o
 *fill*         0x000000000000eef9        0x3 
 .rodata        0x000000000000eefc      0x806 fs/disklog.o
 .rodata        0x000000000000f702       0x14 lib/orangescrt.a(printf.o)
 *fill*         0x000000000000f716        0x2 
 .rodata        0x000000000000f718       0xad lib/orangescrt.a(misc.o)
 .rodata        0x000000000000f7c5       0x23 lib/orangescrt.a(open.o)
 .rodata        0x000000000000f7e8       0x25 lib/orangescrt.a(getpid.o)
 .rodata        0x000000000000f80d       0x23 lib/orangescrt.a(stat.o)
 .rodata        0x000000000000f830       0x33 lib/orangescrt.a(fork.o)
 *fill*         0x000000000000f863        0x1 
 .rodata        0x000000000000f864       0x87 lib/orangescrt.a(exec.o)
 *fill*         0x000000000000f8eb        0x1 
 .rodata        0x000000000000f8ec       0x61 lib/orangescrt.a(check.o)

.rodata1
 *(.rodata1)

.eh_frame_hdr
 *(.eh_frame_hdr)
 *(.eh_frame_entry .eh_frame_entry.*)

.eh_frame       0x000000000000f950     0x12f4
 *(.eh_frame)
 .eh_frame      0x000000000000f950       0x38 kernel/start.o
 .eh_frame      0x000000000000f988      0x10c kernel/main.o
                                        0x124 (size before relaxing)
 .eh_frame      0x000000000000fa94       0x60 kernel/clock.o
                                         0x78 (size before relaxing)
 .eh_frame      0x000000000000faf4       0xe0 kernel/keyboard.o
                                         0xf8 (size before relaxing)
 .eh_frame      0x000000000000fbd4      0x13c kernel/tty.o
                                        0x154 (size before relaxing)
 .eh_frame      0x000000000000fd10      0x144 kernel/console.o
                                        0x15c (size before relaxing)
 .eh_frame      0x000000000000fe54       0x60 kernel/i8259.o
                                         0x78 (size before relaxing)
 .eh_frame      0x000000000000feb4       0xb0 kernel/protect.o
                                         0xc8 (size before relaxing)
 .eh_frame      0x000000000000ff64      0x1f8 kernel/proc.o
                                        0x210 (size before relaxing)
 .eh_frame      0x000000000001015c       0x5c kernel/systask.o
                                         0x74 (size before relaxing)
 .eh_frame      0x00000000000101b8      0x1c8 kernel/hd.o
                                        0x1e0 (size before relaxing)
 .eh_frame      0x0000000000010380       0xa0 kernel/klib.o
                                         0xb8 (size before relaxing)
 .eh_frame      0x0000000000010420       0x20 lib/syslog.o
                                         0x38 (size before relaxing)
 .eh_frame      0x0000000000010440       0x7c mm/main.o
                                         0x94 (size before relaxing)
 .eh_frame      0x00000000000104bc       0x90 mm/forkexit.o
                                         0xa8 (size before relaxing)
 .eh_frame      0x000000000001054c       0x2c mm/exec.o
                                         0x44 (size before relaxing)
 .eh_frame      0x0000000000010578      0x170 fs/main.o
                                        0x188 (size before relaxing)
 .eh_frame      0x00000000000106e8      0x120 fs/open.o
                                        0x138 (size before relaxing)
 .eh_frame      0x0000000000010808       0x68 fs/misc.o
                                         0x80 (size before relaxing)
 .eh_frame      0x0000000000010870       0x2c fs/read_write.o
                                         0x44 (size before relaxing)
 .eh_frame      0x000000000001089c       0x2c fs/link.o
                                         0x44 (size before relaxing)
 .eh_frame      0x00000000000108c8       0x60 fs/disklog.o
                                         0x78 (size before relaxing)
 .eh_frame      0x0000000000010928       0x40 lib/orangescrt.a(printf.o)
                                         0x58 (size before relaxing)
 .eh_frame      0x0000000000010968       0x60 lib/orangescrt.a(vsprintf.o)
                                         0x78 (size before relaxing)
 .eh_frame      0x00000000000109c8       0xbc lib/orangescrt.a(misc.o)
                                         0xd4 (size before relaxing)
 .eh_frame      0x0000000000010a84       0x20 lib/orangescrt.a(open.o)
                                         0x38 (size before relaxing)
 .eh_frame      0x0000000000010aa4       0x20 lib/orangescrt.a(read.o)
                                         0x38 (size before relaxing)
 .eh_frame      0x0000000000010ac4       0x20 lib/orangescrt.a(write.o)
                                         0x38 (size before relaxing)
 .eh_frame      0x0000000000010ae4       0x20 lib/orangescrt.a(close.o)
                                         0x38 (size before relaxing)
 .eh_frame      0x0000000000010b04       0x20 lib/orangescrt.a(getpid.o)
                                         0x38 (size before relaxing)
 .eh_frame      0x0000000000010b24       0x20 lib/orangescrt.a(stat.o)
                                         0x38 (size before relaxing)
 .eh_frame      0x0000000000010b44       0x20 lib/orangescrt.a(fork.o)
                                         0x38 (size before relaxing)
 .eh_frame      0x0000000000010b64       0x20 lib/orangescrt.a(wait.o)
                                         0x38 (size before relaxing)
 .eh_frame      0x0000000000010b84       0x60 lib/orangescrt.a(exec.o)
                                         0x78 (size before relaxing)
 .eh_frame      0x0000000000010be4       0x40 lib/orangescrt.a(check.o)
                                         0x58 (size before relaxing)
 .eh_frame      0x0000000000010c24       0x20 lib/orangescrt.a(lseek.o)
                                         0x38 (size before relaxing)
 *(.eh_frame.*)

.gcc_except_table
 *(.gcc_except_table .gcc_except_table.*)

.gnu_extab
 *(.gnu_extab*)

.exception_ranges
 *(.exception_ranges .exception_ranges*)
                0x0000000000011c44                . = DATA_SEGMENT_ALIGN (0x1000, 0x1000)

.eh_frame
 *(.eh_frame)
 *(.eh_frame.*)

.gnu_extab
 *(.gnu_extab)

.gcc_except_table
 *(.gcc_except_table .gcc_except_table.*)

.exception_ranges
 *(.exception_ranges .exception_ranges*)

.tdata
 *(.tdata .tdata.* .gnu.linkonce.td.*)

.tbss
 *(.tbss .tbss.* .gnu.linkonce.tb.*)
 *(.tcommon)

.preinit_array  0x0000000000011c44        0x0
                [!provide]                        PROVIDE (__preinit_array_start, .)
 *(.preinit_array)
                [!provide]                        PROVIDE (__preinit_array_end, .)

.init_array     0x0000000000011c44        0x0
                [!provide]                        PROVIDE (__init_array_start, .)
 *(SORT(.init_array.*) SORT(.ctors.*))
 *(.init_array EXCLUDE_FILE(*crtend?.o *crtend.o *crtbegin?.o *crtbegin.o) .ctors)
                [!provide]                        PROVIDE (__init_array_end, .)

.fini_array     0x0000000000011c44        0x0
                [!provide]                        PROVIDE (__fini_array_start, .)
 *(SORT(.fini_array.*) SORT(.dtors.*))
 *(.fini_array EXCLUDE_FILE(*crtend?.o *crtend.o *crtbegin?.o *crtbegin.o) .dtors)
                [!provide]                        PROVIDE (__fini_array_end, .)

.ctors
 *crtbegin.o(.ctors)
 *crtbegin?.o(.ctors)
 *(EXCLUDE_FILE(*crtend?.o *crtend.o) .ctors)
 *(SORT(.ctors.*))
 *(.ctors)

.dtors
 *crtbegin.o(.dtors)
 *crtbegin?.o(.dtors)
 *(EXCLUDE_FILE(*crtend?.o *crtend.o) .dtors)
 *(SORT(.dtors.*))
 *(.dtors)

.jcr
 *(.jcr)

.data.rel.ro
 *(.data.rel.ro.local* .gnu.linkonce.d.rel.ro.local.*)
 *(.data.rel.ro .data.rel.ro.* .gnu.linkonce.d.rel.ro.*)

.dynamic
 *(.dynamic)

.got
 *(.got)
 *(.igot)
                0x0000000000011c44                . = DATA_SEGMENT_RELRO_END (., (SIZEOF (.got.plt) >= 0xc)?0xc:0x0)

.got.plt        0x0000000000011c44        0x0
 *(.got.plt)
 *(.igot.plt)
 .igot.plt      0x0000000000011c44        0x0 kernel/kernel.o

.data           0x0000000000011c60      0xa4c
 *(.data .data.* .gnu.linkonce.d.*)
 .data          0x0000000000011c60        0x2 kernel/kernel.o
 .data          0x0000000000011c62        0x0 kernel/start.o
 .data          0x0000000000011c62        0x0 kernel/main.o
 .data          0x0000000000011c62        0x0 kernel/clock.o
 *fill*         0x0000000000011c62       0x1e 
 .data          0x0000000000011c80      0x600 kernel/keyboard.o
                0x0000000000011c80                keymap
 .data          0x0000000000012280       0x22 kernel/tty.o
 .data          0x00000000000122a2        0x0 kernel/console.o
 .data          0x00000000000122a2        0x0 kernel/i8259.o
 *fill*         0x00000000000122a2       0x1e 
 .data          0x00000000000122c0      0x3ec kernel/global.o
                0x00000000000122c0                task_table
                0x00000000000123a0                user_proc_table
                0x0000000000012440                sys_call_table
                0x000000000001244c                dd_map
                0x0000000000012464                fsbuf
                0x0000000000012468                mmbuf
                0x000000000001246c                logbuf
                0x0000000000012470                logdiskbuf
                0x0000000000012480                queue_1
                0x0000000000012540                queue_2
                0x0000000000012600                queue_3
                0x00000000000126a8                proc_timeslice
 .data          0x00000000000126ac        0x0 kernel/protect.o
 .data          0x00000000000126ac        0x0 kernel/proc.o
 .data          0x00000000000126ac        0x0 kernel/systask.o
 .data          0x00000000000126ac        0x0 kernel/hd.o
 .data          0x00000000000126ac        0x0 kernel/klib.o
 .data          0x00000000000126ac        0x0 lib/syslog.o
 .data          0x00000000000126ac        0x0 mm/main.o
 .data          0x00000000000126ac        0x0 mm/forkexit.o
 .data          0x00000000000126ac        0x0 mm/exec.o
 .data          0x00000000000126ac        0x0 fs/main.o
 .data          0x00000000000126ac        0x0 fs/open.o
 .data          0x00000000000126ac        0x0 fs/misc.o
 .data          0x00000000000126ac        0x0 fs/read_write.o
 .data          0x00000000000126ac        0x0 fs/link.o
 .data          0x00000000000126ac        0x0 fs/disklog.o
 .data          0x00000000000126ac        0x0 lib/orangescrt.a(printf.o)
 .data          0x00000000000126ac        0x0 lib/orangescrt.a(vsprintf.o)
 .data          0x00000000000126ac        0x0 lib/orangescrt.a(misc.o)
 .data          0x00000000000126ac        0x0 lib/orangescrt.a(open.o)
 .data          0x00000000000126ac        0x0 lib/orangescrt.a(read.o)
 .data          0x00000000000126ac        0x0 lib/orangescrt.a(write.o)
 .data          0x00000000000126ac        0x0 lib/orangescrt.a(close.o)
 .data          0x00000000000126ac        0x0 lib/orangescrt.a(getpid.o)
 .data          0x00000000000126ac        0x0 lib/orangescrt.a(stat.o)
 .data          0x00000000000126ac        0x0 lib/orangescrt.a(fork.o)
 .data          0x00000000000126ac        0x0 lib/orangescrt.a(wait.o)
 .data          0x00000000000126ac        0x0 lib/orangescrt.a(exec.o)
 .data          0x00000000000126ac        0x0 lib/orangescrt.a(check.o)
 .data          0x00000000000126ac        0x0 lib/orangescrt.a(lseek.o)

.data1
 *(.data1)
                0x00000000000126ac                _edata = .
                [!provide]                        PROVIDE (edata, .)
                0x00000000000126ac                . = .
                0x00000000000126ac                __bss_start = .

.bss            0x00000000000126c0    0x2b8c0
 *(.dynbss)
 *(.bss .bss.* .gnu.linkonce.b.*)
 .bss           0x00000000000126c0      0x800 kernel/kernel.o
 .bss           0x0000000000012ec0        0x0 kernel/start.o
 .bss           0x0000000000012ec0        0x0 kernel/main.o
 .bss           0x0000000000012ec0        0x0 kernel/clock.o
 .bss           0x0000000000012ec0       0x58 kernel/keyboard.o
 .bss           0x0000000000012f18        0x0 kernel/tty.o
 .bss           0x0000000000012f18        0x0 kernel/console.o
 .bss           0x0000000000012f18        0x0 kernel/i8259.o
 .bss           0x0000000000012f18        0x8 kernel/global.o
                0x0000000000012f18                proc_runtime
                0x0000000000012f1c                check_count
 .bss           0x0000000000012f20        0x0 kernel/protect.o
 .bss           0x0000000000012f20        0x0 kernel/proc.o
 .bss           0x0000000000012f20        0x0 kernel/systask.o
 .bss           0x0000000000012f20      0x64c kernel/hd.o
 .bss           0x000000000001356c        0x0 kernel/klib.o
 .bss           0x000000000001356c        0x0 lib/syslog.o
 .bss           0x000000000001356c        0x0 mm/main.o
 .bss           0x000000000001356c        0x0 mm/forkexit.o
 .bss           0x000000000001356c        0x0 mm/exec.o
 .bss           0x000000000001356c        0x0 fs/main.o
 .bss           0x000000000001356c        0x0 fs/open.o
 .bss           0x000000000001356c        0x0 fs/misc.o
 .bss           0x000000000001356c        0x0 fs/read_write.o
 .bss           0x000000000001356c        0x0 fs/link.o
 *fill*         0x000000000001356c       0x14 
 .bss           0x0000000000013580      0x208 fs/disklog.o
 .bss           0x0000000000013788        0x0 lib/orangescrt.a(printf.o)
 .bss           0x0000000000013788        0x0 lib/orangescrt.a(vsprintf.o)
 .bss           0x0000000000013788        0x0 lib/orangescrt.a(misc.o)
 .bss           0x0000000000013788        0x0 lib/orangescrt.a(open.o)
 .bss           0x0000000000013788        0x0 lib/orangescrt.a(read.o)
 .bss           0x0000000000013788        0x0 lib/orangescrt.a(write.o)
 .bss           0x0000000000013788        0x0 lib/orangescrt.a(close.o)
 .bss           0x0000000000013788        0x0 lib/orangescrt.a(getpid.o)
 .bss           0x0000000000013788        0x0 lib/orangescrt.a(stat.o)
 .bss           0x0000000000013788        0x0 lib/orangescrt.a(fork.o)
 .bss           0x0000000000013788        0x0 lib/orangescrt.a(wait.o)
 .bss           0x0000000000013788        0x0 lib/orangescrt.a(exec.o)
 .bss           0x0000000000013788        0x0 lib/orangescrt.a(check.o)
 .bss           0x0000000000013788        0x0 lib/orangescrt.a(lseek.o)
 *(COMMON)
 *fill*         0x0000000000013788       0x18 
 COMMON         0x00000000000137a0    0x2a7ce kernel/global.o
                0x00000000000137a0                idt_ptr
                0x00000000000137c0                inode_table
                0x00000000000142c0                task_stack
                0x00000000000382c0                k_reenter
                0x00000000000382e0                gdt
                0x00000000000386e0                current_console
                0x00000000000386e4                pcaller
                0x0000000000038700                tty_table
                0x0000000000039380                tss
                0x0000000000039400                fs_msg
                0x0000000000039430                memory_size
                0x0000000000039440                f_desc_table
                0x0000000000039840                check_table
                0x00000000000399d0                root_inode
                0x00000000000399d4                disp_pos
                0x00000000000399e0                mm_msg
                0x0000000000039a10                key_pressed
                0x0000000000039a14                gdt_ptr
                0x0000000000039a20                idt
                0x000000000003a220                super_block
                0x000000000003a400                ticks
                0x000000000003a420                console_table
                0x000000000003a460                irq_table
                0x000000000003a4a0                p_proc_ready
                0x000000000003a4c0                proc_table
 *fill*         0x000000000003df6e        0x2 
 COMMON         0x000000000003df70       0x10 kernel/hd.o
                0x000000000003df70                PARTITION_ENTRY
                0x000000000003df80                . = ALIGN ((. != 0x0)?0x4:0x1)
                0x000000000003df80                . = ALIGN (0x4)
                0x000000000003df80                . = SEGMENT_START ("ldata-segment", .)
                0x000000000003df80                . = ALIGN (0x4)
                0x000000000003df80                _end = .
                [!provide]                        PROVIDE (end, .)
                0x000000000003df80                . = DATA_SEGMENT_END (.)

.stab
 *(.stab)

.stabstr
 *(.stabstr)

.stab.excl
 *(.stab.excl)

.stab.exclstr
 *(.stab.exclstr)

.stab.index
 *(.stab.index)

.stab.indexstr
 *(.stab.indexstr)

.comment        0x0000000000000000       0x35
 *(.comment)
 .comment       0x0000000000000000       0x35 kernel/start.o
                                         0x36 (size before relaxing)
 .comment       0x0000000000000035       0x36 kernel/main.o
 .comment       0x0000000000000035       0x36 kernel/clock.o
 .comment       0x0000000000000035       0x36 kernel/keyboard.o
 .comment       0x0000000000000035       0x36 kernel/tty.o
 .comment       0x0000000000000035       0x36 kernel/console.o
 .comment       0x0000000000000035       0x36 kernel/i8259.o
 .comment       0x0000000000000035       0x36 kernel/global.o
 .comment       0x0000000000000035       0x36 kernel/protect.o
 .comment       0x0000000000000035       0x36 kernel/proc.o
 .comment       0x0000000000000035       0x36 kernel/systask.o
 .comment       0x0000000000000035       0x36 kernel/hd.o
 .comment       0x0000000000000035       0x36 kernel/klib.o
 .comment       0x0000000000000035       0x36 lib/syslog.o
 .comment       0x0000000000000035       0x36 mm/main.o
 .comment       0x0000000000000035       0x36 mm/forkexit.o
 .comment       0x0000000000000035       0x36 mm/exec.o
 .comment       0x0000000000000035       0x36 fs/main.o
 .comment       0x0000000000000035       0x36 fs/open.o
 .comment       0x0000000000000035       0x36 fs/misc.o
 .comment       0x0000000000000035       0x36 fs/read_write.o
 .comment       0x0000000000000035       0x36 fs/link.o
 .comment       0x0000000000000035       0x36 fs/disklog.o
 .comment       0x0000000000000035       0x36 lib/orangescrt.a(printf.o)
 .comment       0x0000000000000035       0x36 lib/orangescrt.a(vsprintf.o)
 .comment       0x0000000000000035       0x36 lib/orangescrt.a(misc.o)
 .comment       0x0000000000000035       0x36 lib/orangescrt.a(open.o)
 .comment       0x0000000000000035       0x36 lib/orangescrt.a(read.o)
 .comment       0x0000000000000035       0x36 lib/orangescrt.a(write.o)
 .comment       0x0000000000000035       0x36 lib/orangescrt.a(close.o)
 .comment       0x0000000000000035       0x36 lib/orangescrt.a(getpid.o)
 .comment       0x0000000000000035       0x36 lib/orangescrt.a(stat.o)
 .comment       0x0000000000000035       0x36 lib/orangescrt.a(fork.o)
 .comment       0x0000000000000035       0x36 lib/orangescrt.a(wait.o)
 .comment       0x0000000000000035       0x36 lib/orangescrt.a(exec.o)
 .comment       0x0000000000000035       0x36 lib/orangescrt.a(check.o)
 .comment       0x0000000000000035       0x36 lib/orangescrt.a(lseek.o)

.debug
 *(.debug)

.line
 *(.line)

.debug_srcinfo
 *(.debug_srcinfo)

.debug_sfnames
 *(.debug_sfnames)

.debug_aranges
 *(.debug_aranges)

.debug_pubnames
 *(.debug_pubnames)

.debug_info
 *(.debug_info .gnu.linkonce.wi.*)

.debug_abbrev
 *(.debug_abbrev)

.debug_line
 *(.debug_line .debug_line.* .debug_line_end)

.debug_frame
 *(.debug_frame)

.debug_str
 *(.debug_str)

.debug_loc
 *(.debug_loc)

.debug_macinfo
 *(.debug_macinfo)

.debug_weaknames
 *(.debug_weaknames)

.debug_funcnames
 *(.debug_funcnames)

.debug_typenames
 *(.debug_typenames)

.debug_varnames
 *(.debug_varnames)

.debug_pubtypes
 *(.debug_pubtypes)

.debug_ranges
 *(.debug_ranges)

.debug_macro
 *(.debug_macro)

.gnu.attributes
 *(.gnu.attributes)

/DISCARD/
 *(.note.GNU-stack)
 *(.gnu_debuglink)
 *(.gnu.lto_*)
OUTPUT(kernel.bin elf32-i386)
