Archive member included to satisfy reference by file (symbol)

lib/orangescrt.a(syscall.o)   kernel/main.o (multp_on)
lib/orangescrt.a(printf.o)    kernel/main.o (printf)
lib/orangescrt.a(vsprintf.o)  kernel/main.o (vsprintf)
lib/orangescrt.a(string.o)    kernel/start.o (memcpy)
lib/orangescrt.a(misc.o)      kernel/main.o (send_recv)
lib/orangescrt.a(open.o)      kernel/main.o (open)
lib/orangescrt.a(read.o)      kernel/main.o (read)
lib/orangescrt.a(write.o)     kernel/main.o (write)
lib/orangescrt.a(close.o)     kernel/main.o (close)
lib/orangescrt.a(getpid.o)    kernel/main.o (getpid)
lib/orangescrt.a(stat.o)      mm/exec.o (stat)
lib/orangescrt.a(fork.o)      kernel/main.o (fork)
lib/orangescrt.a(wait.o)      kernel/main.o (wait)
lib/orangescrt.a(exec.o)      kernel/main.o (execv)
lib/orangescrt.a(check.o)     kernel/main.o (check)
lib/orangescrt.a(lseek.o)     lib/orangescrt.a(check.o) (lseek)

Allocating common symbols
Common symbol       size              file

idt_ptr             0x6               kernel/global.o
inode_table         0xb00             kernel/global.o
task_stack          0x24000           kernel/global.o
k_reenter           0x4               kernel/global.o
gdt                 0x400             kernel/global.o
current_console     0x4               kernel/global.o
mulp                0x4               kernel/global.o
pcaller             0x4               kernel/global.o
tty_table           0xc6c             kernel/global.o
tss                 0x68              kernel/global.o
fs_msg              0x30              kernel/global.o
memory_size         0x4               kernel/global.o
f_desc_table        0x400             kernel/global.o
check_table         0x190             kernel/global.o
root_inode          0x4               kernel/global.o
disp_pos            0x4               kernel/global.o
mm_msg              0x30              kernel/global.o
key_pressed         0x4               kernel/global.o
gdt_ptr             0x6               kernel/global.o
idt                 0x800             kernel/global.o
super_block         0x1e0             kernel/global.o
PARTITION_ENTRY     0x10              kernel/hd.o
ticks               0x4               kernel/global.o
console_table       0x3c              kernel/global.o
irq_table           0x40              kernel/global.o
p_proc_ready        0x4               kernel/global.o
proc_table          0x3aae            kernel/global.o

Discarded input sections

 .note.GNU-stack
                0x0000000000000000        0x0 kernel/start.o
 .note.GNU-stack
                0x0000000000000000        0x0 kernel/main.o
 .note.GNU-stack
                0x0000000000000000        0x0 kernel/clock.o
 .note.GNU-stack
                0x0000000000000000        0x0 kernel/keyboard.o
 .note.GNU-stack
                0x0000000000000000        0x0 kernel/tty.o
 .note.GNU-stack
                0x0000000000000000        0x0 kernel/console.o
 .note.GNU-stack
                0x0000000000000000        0x0 kernel/i8259.o
 .note.GNU-stack
                0x0000000000000000        0x0 kernel/global.o
 .note.GNU-stack
                0x0000000000000000        0x0 kernel/protect.o
 .note.GNU-stack
                0x0000000000000000        0x0 kernel/proc.o
 .note.GNU-stack
                0x0000000000000000        0x0 kernel/systask.o
 .note.GNU-stack
                0x0000000000000000        0x0 kernel/hd.o
 .note.GNU-stack
                0x0000000000000000        0x0 kernel/klib.o
 .note.GNU-stack
                0x0000000000000000        0x0 lib/syslog.o
 .note.GNU-stack
                0x0000000000000000        0x0 mm/main.o
 .note.GNU-stack
                0x0000000000000000        0x0 mm/forkexit.o
 .note.GNU-stack
                0x0000000000000000        0x0 mm/exec.o
 .note.GNU-stack
                0x0000000000000000        0x0 fs/main.o
 .note.GNU-stack
                0x0000000000000000        0x0 fs/open.o
 .note.GNU-stack
                0x0000000000000000        0x0 fs/misc.o
 .note.GNU-stack
                0x0000000000000000        0x0 fs/read_write.o
 .note.GNU-stack
                0x0000000000000000        0x0 fs/link.o
 .note.GNU-stack
                0x0000000000000000        0x0 fs/disklog.o
 .note.GNU-stack
                0x0000000000000000        0x0 lib/orangescrt.a(printf.o)
 .note.GNU-stack
                0x0000000000000000        0x0 lib/orangescrt.a(vsprintf.o)
 .note.GNU-stack
                0x0000000000000000        0x0 lib/orangescrt.a(misc.o)
 .note.GNU-stack
                0x0000000000000000        0x0 lib/orangescrt.a(open.o)
 .note.GNU-stack
                0x0000000000000000        0x0 lib/orangescrt.a(read.o)
 .note.GNU-stack
                0x0000000000000000        0x0 lib/orangescrt.a(write.o)
 .note.GNU-stack
                0x0000000000000000        0x0 lib/orangescrt.a(close.o)
 .note.GNU-stack
                0x0000000000000000        0x0 lib/orangescrt.a(getpid.o)
 .note.GNU-stack
                0x0000000000000000        0x0 lib/orangescrt.a(stat.o)
 .note.GNU-stack
                0x0000000000000000        0x0 lib/orangescrt.a(fork.o)
 .note.GNU-stack
                0x0000000000000000        0x0 lib/orangescrt.a(wait.o)
 .note.GNU-stack
                0x0000000000000000        0x0 lib/orangescrt.a(exec.o)
 .note.GNU-stack
                0x0000000000000000        0x0 lib/orangescrt.a(check.o)
 .note.GNU-stack
                0x0000000000000000        0x0 lib/orangescrt.a(lseek.o)

Memory Configuration

Name             Origin             Length             Attributes
*default*        0x0000000000000000 0xffffffffffffffff

Linker script and memory map

Address of section .text set to 0x1000
LOAD kernel/kernel.o
LOAD kernel/start.o
LOAD kernel/main.o
LOAD kernel/clock.o
LOAD kernel/keyboard.o
LOAD kernel/tty.o
LOAD kernel/console.o
LOAD kernel/i8259.o
LOAD kernel/global.o
LOAD kernel/protect.o
LOAD kernel/proc.o
LOAD kernel/systask.o
LOAD kernel/hd.o
LOAD kernel/kliba.o
LOAD kernel/klib.o
LOAD lib/syslog.o
LOAD mm/main.o
LOAD mm/forkexit.o
LOAD mm/exec.o
LOAD fs/main.o
LOAD fs/open.o
LOAD fs/misc.o
LOAD fs/read_write.o
LOAD fs/link.o
LOAD fs/disklog.o
LOAD lib/orangescrt.a
                [!provide]                        PROVIDE (__executable_start, 0x8048000)
                0x0000000008048094                . = (0x8048000 + SIZEOF_HEADERS)

.interp
 *(.interp)

.note.gnu.build-id
 *(.note.gnu.build-id)

.hash
 *(.hash)

.gnu.hash
 *(.gnu.hash)

.dynsym
 *(.dynsym)

.dynstr
 *(.dynstr)

.gnu.version
 *(.gnu.version)

.gnu.version_d
 *(.gnu.version_d)

.gnu.version_r
 *(.gnu.version_r)

.rel.dyn        0x0000000008048094        0x0
 *(.rel.init)
 *(.rel.text .rel.text.* .rel.gnu.linkonce.t.*)
 .rel.text      0x0000000008048094        0x0 kernel/kernel.o
 *(.rel.fini)
 *(.rel.rodata .rel.rodata.* .rel.gnu.linkonce.r.*)
 *(.rel.data.rel.ro .rel.data.rel.ro.* .rel.gnu.linkonce.d.rel.ro.*)
 *(.rel.data .rel.data.* .rel.gnu.linkonce.d.*)
 .rel.data      0x0000000008048094        0x0 kernel/kernel.o
 *(.rel.tdata .rel.tdata.* .rel.gnu.linkonce.td.*)
 *(.rel.tbss .rel.tbss.* .rel.gnu.linkonce.tb.*)
 *(.rel.ctors)
 *(.rel.dtors)
 *(.rel.got)
 *(.rel.bss .rel.bss.* .rel.gnu.linkonce.b.*)
 *(.rel.ifunc)

.rel.plt        0x0000000008048094        0x0
 *(.rel.plt)
                [!provide]                        PROVIDE (__rel_iplt_start, .)
 *(.rel.iplt)
 .rel.iplt      0x0000000008048094        0x0 kernel/kernel.o
                [!provide]                        PROVIDE (__rel_iplt_end, .)

.init
 *(SORT(.init))

.plt            0x00000000080480a0        0x0
 *(.plt)
 *(.iplt)
 .iplt          0x00000000080480a0        0x0 kernel/kernel.o

.plt.got
 *(.plt.got)

.text           0x0000000000001000     0xc42f
 *(.text.unlikely .text.*_unlikely .text.unlikely.*)
 *(.text.exit .text.exit.*)
 *(.text.startup .text.startup.*)
 *(.text.hot .text.hot.*)
 *(.text .stub .text.* .gnu.linkonce.t.*)
 .text          0x0000000000001000      0x410 kernel/kernel.o
                0x0000000000001000                _start
                0x0000000000001040                hwint00
                0x0000000000001070                hwint01
                0x00000000000010a0                hwint02
                0x00000000000010d0                hwint03
                0x0000000000001100                hwint04
                0x0000000000001130                hwint05
                0x0000000000001160                hwint06
                0x0000000000001190                hwint07
                0x00000000000011c0                hwint08
                0x00000000000011f0                hwint09
                0x0000000000001220                hwint10
                0x0000000000001250                hwint11
                0x0000000000001280                hwint12
                0x00000000000012b0                hwint13
                0x00000000000012e0                hwint14
                0x0000000000001310                hwint15
                0x0000000000001334                divide_error
                0x000000000000133a                single_step_exception
                0x0000000000001340                nmi
                0x0000000000001346                breakpoint_exception
                0x000000000000134c                overflow
                0x0000000000001352                bounds_check
                0x0000000000001358                inval_opcode
                0x000000000000135e                copr_not_available
                0x0000000000001364                double_fault
                0x0000000000001368                copr_seg_overrun
                0x000000000000136e                inval_tss
                0x0000000000001372                segment_not_present
                0x0000000000001376                stack_exception
                0x000000000000137a                general_protection
                0x000000000000137e                page_fault
                0x0000000000001382                copr_error
                0x00000000000013cb                sys_call
                0x00000000000013eb                restart
 .text          0x0000000000001410       0x95 kernel/start.o
                0x0000000000001410                cstart
 .text          0x00000000000014a5      0xb50 kernel/main.o
                0x00000000000014a5                kernel_main
                0x00000000000017fb                get_ticks
                0x000000000000182f                untar
                0x0000000000001b14                shabby_shell
                0x0000000000001e30                Init
                0x0000000000001f9d                TestA
                0x0000000000001fa2                TestB
                0x0000000000001fa7                TestC
                0x0000000000001fac                panic
 .text          0x0000000000001ff5      0x111 kernel/clock.o
                0x0000000000001ff5                clock_handler
                0x0000000000002074                milli_delay
                0x00000000000020ae                init_clock
 .text          0x0000000000002106      0x6da kernel/keyboard.o
                0x0000000000002106                keyboard_handler
                0x0000000000002170                init_keyboard
                0x000000000000221f                keyboard_read
 .text          0x00000000000027e0      0xa49 kernel/tty.o
                0x00000000000027e0                task_tty
                0x00000000000029d1                in_process
                0x0000000000002f2a                sys_printx
                0x00000000000030c8                dump_tty_buf
 .text          0x0000000000003229      0x824 kernel/console.o
                0x0000000000003229                init_screen
                0x000000000000339d                out_char
                0x00000000000036c7                is_current_console
                0x00000000000037ba                select_console
                0x00000000000037fa                scroll_screen
 .text          0x0000000000003a4d      0x130 kernel/i8259.o
                0x0000000000003a4d                init_8259A
                0x0000000000003b22                spurious_irq
                0x0000000000003b59                put_irq_handler
 .text          0x0000000000003b7d        0x0 kernel/global.o
 .text          0x0000000000003b7d      0x660 kernel/protect.o
                0x0000000000003b7d                init_prot
                0x0000000000003fe6                seg2linear
                0x0000000000004035                init_desc
                0x00000000000040a2                exception_handler
 .text          0x00000000000041dd     0x186d kernel/proc.o
                0x00000000000041dd                q_push
                0x000000000000422d                q_pop
                0x000000000000426b                schedule
                0x00000000000044fa                sys_sendrec
                0x0000000000004622                sys_multp_on
                0x0000000000004632                ldt_seg_linear
                0x000000000000467c                va2la
                0x00000000000046dd                reset_msg
                0x0000000000005498                inform_int
                0x0000000000005605                dump_proc
                0x000000000000593d                dump_msg
 .text          0x0000000000005a4a      0x334 kernel/systask.o
                0x0000000000005a4a                task_sys
 .text          0x0000000000005d7e      0xd1e kernel/hd.o
                0x0000000000005d7e                task_hd
                0x0000000000006a71                hd_handler
 *fill*         0x0000000000006a9c        0x4 
 .text          0x0000000000006aa0      0x19a kernel/kliba.o
                0x0000000000006aa0                disp_str
                0x0000000000006ade                disp_color_str
                0x0000000000006b1d                out_byte
                0x0000000000006b29                in_byte
                0x0000000000006b33                port_read
                0x0000000000006b46                port_write
                0x0000000000006b59                disable_irq
                0x0000000000006b8e                enable_irq
                0x0000000000006bad                disable_int
                0x0000000000006baf                enable_int
                0x0000000000006bb1                glitter
 .text          0x0000000000006c3a      0x2af kernel/klib.o
                0x0000000000006c3a                get_boot_params
                0x0000000000006cc0                get_kernel_map
                0x0000000000006dd0                itoa
                0x0000000000006e7b                disp_int
                0x0000000000006ea2                delay
 .text          0x0000000000006ee9       0x6f lib/syslog.o
                0x0000000000006ee9                syslog
 .text          0x0000000000006f58      0x1bc mm/main.o
                0x0000000000006f58                task_mm
                0x000000000000708f                alloc_mem
                0x000000000000710a                free_mem
 .text          0x0000000000007114      0x63a mm/forkexit.o
                0x0000000000007114                do_fork
                0x00000000000074c5                do_exit
                0x0000000000007696                do_wait
 .text          0x000000000000774e      0x359 mm/exec.o
                0x000000000000774e                do_exec
 .text          0x0000000000007aa7     0x1115 fs/main.o
                0x0000000000007aa7                task_fs
                0x000000000000859f                rw_sector
                0x00000000000087c4                get_super_block
                0x000000000000880a                get_inode
                0x000000000000896d                put_inode
                0x00000000000089ab                sync_inode
 .text          0x0000000000008bbc      0xb8c fs/open.o
                0x0000000000008bbc                do_open
                0x00000000000090e4                do_close
                0x000000000000915f                do_lseek
 .text          0x0000000000009748      0x3b2 fs/misc.o
                0x0000000000009748                do_stat
                0x0000000000009919                search_file
                0x0000000000009a6f                strip_path
 .text          0x0000000000009afa      0x4b0 fs/read_write.o
                0x0000000000009afa                do_rdwt
 .text          0x0000000000009faa      0x808 fs/link.o
                0x0000000000009faa                do_unlink
 .text          0x000000000000a7b2     0x1fbf fs/disklog.o
                0x000000000000a7b2                disklog
                0x000000000000ad1f                dump_fd_graph
 *fill*         0x000000000000c771        0xf 
 .text          0x000000000000c780       0x30 lib/orangescrt.a(syscall.o)
                0x000000000000c780                sendrec
                0x000000000000c79a                printx
                0x000000000000c7a8                multp_on
 .text          0x000000000000c7b0       0xad lib/orangescrt.a(printf.o)
                0x000000000000c7b0                printf
                0x000000000000c81b                printl
 .text          0x000000000000c85d      0x305 lib/orangescrt.a(vsprintf.o)
                0x000000000000c8bb                vsprintf
                0x000000000000cb3c                sprintf
 *fill*         0x000000000000cb62        0xe 
 .text          0x000000000000cb70       0x78 lib/orangescrt.a(string.o)
                0x000000000000cb70                memcpy
                0x000000000000cb99                memset
                0x000000000000cbba                strcpy
                0x000000000000cbd2                strlen
 .text          0x000000000000cbe8      0x256 lib/orangescrt.a(misc.o)
                0x000000000000cbe8                send_recv
                0x000000000000cca2                memcmp
                0x000000000000cd18                strcmp
                0x000000000000cd8b                strcat
                0x000000000000cdea                spin
                0x000000000000ce05                assertion_failure
 .text          0x000000000000ce3e       0x63 lib/orangescrt.a(open.o)
                0x000000000000ce3e                open
 .text          0x000000000000cea1       0x37 lib/orangescrt.a(read.o)
                0x000000000000cea1                read
 .text          0x000000000000ced8       0x37 lib/orangescrt.a(write.o)
                0x000000000000ced8                write
 .text          0x000000000000cf0f       0x2b lib/orangescrt.a(close.o)
                0x000000000000cf0f                close
 .text          0x000000000000cf3a       0x46 lib/orangescrt.a(getpid.o)
                0x000000000000cf3a                getpid
 .text          0x000000000000cf80       0x63 lib/orangescrt.a(stat.o)
                0x000000000000cf80                stat
 .text          0x000000000000cfe3       0x66 lib/orangescrt.a(fork.o)
                0x000000000000cfe3                fork
 .text          0x000000000000d049       0x3c lib/orangescrt.a(wait.o)
                0x000000000000d049                wait
 .text          0x000000000000d085      0x237 lib/orangescrt.a(exec.o)
                0x000000000000d085                exec
                0x000000000000d0f0                execl
                0x000000000000d115                execv
 .text          0x000000000000d2bc      0x13c lib/orangescrt.a(check.o)
                0x000000000000d2bc                check
                0x000000000000d395                find_position
 .text          0x000000000000d3f8       0x37 lib/orangescrt.a(lseek.o)
                0x000000000000d3f8                lseek
 *(.gnu.warning)

.fini
 *(SORT(.fini))
                [!provide]                        PROVIDE (__etext, .)
                [!provide]                        PROVIDE (_etext, .)
                [!provide]                        PROVIDE (etext, .)

.rodata         0x000000000000d440     0x266d
 *(.rodata .rodata.* .gnu.linkonce.r.*)
 .rodata        0x000000000000d440       0x47 kernel/start.o
 *fill*         0x000000000000d487        0x1 
 .rodata        0x000000000000d488      0x1dc kernel/main.o
 .rodata        0x000000000000d664       0x64 kernel/keyboard.o
 .rodata        0x000000000000d6c8      0x168 kernel/tty.o
 .rodata        0x000000000000d830       0x5b kernel/console.o
 .rodata        0x000000000000d88b       0x11 kernel/i8259.o
 .rodata        0x000000000000d89c       0x10 kernel/global.o
                0x000000000000d89c                FSBUF_SIZE
                0x000000000000d8a0                MMBUF_SIZE
                0x000000000000d8a4                LOGBUF_SIZE
                0x000000000000d8a8                LOGDISKBUF_SIZE
 *fill*         0x000000000000d8ac       0x14 
 .rodata        0x000000000000d8c0      0x580 kernel/protect.o
 .rodata        0x000000000000de40      0x5da kernel/proc.o
 .rodata        0x000000000000e41a       0x11 kernel/systask.o
 *fill*         0x000000000000e42b        0x1 
 .rodata        0x000000000000e42c      0x15c kernel/hd.o
 .rodata        0x000000000000e588       0x6a kernel/klib.o
 .rodata        0x000000000000e5f2       0x1e lib/syslog.o
 .rodata        0x000000000000e610       0xb1 mm/main.o
 *fill*         0x000000000000e6c1        0x3 
 .rodata        0x000000000000e6c4       0xe7 mm/forkexit.o
 *fill*         0x000000000000e7ab        0x1 
 .rodata        0x000000000000e7ac       0xa4 mm/exec.o
 .rodata        0x000000000000e850      0x2ce fs/main.o
 *fill*         0x000000000000eb1e        0x2 
 .rodata        0x000000000000eb20      0x1c8 fs/open.o
 .rodata        0x000000000000ece8       0x60 fs/misc.o
 .rodata        0x000000000000ed48      0x164 fs/read_write.o
 .rodata        0x000000000000eeac      0x1ad fs/link.o
 *fill*         0x000000000000f059        0x3 
 .rodata        0x000000000000f05c      0x806 fs/disklog.o
 .rodata        0x000000000000f862       0x14 lib/orangescrt.a(printf.o)
 *fill*         0x000000000000f876        0x2 
 .rodata        0x000000000000f878       0xad lib/orangescrt.a(misc.o)
 .rodata        0x000000000000f925       0x23 lib/orangescrt.a(open.o)
 .rodata        0x000000000000f948       0x25 lib/orangescrt.a(getpid.o)
 .rodata        0x000000000000f96d       0x23 lib/orangescrt.a(stat.o)
 .rodata        0x000000000000f990       0x33 lib/orangescrt.a(fork.o)
 *fill*         0x000000000000f9c3        0x1 
 .rodata        0x000000000000f9c4       0x87 lib/orangescrt.a(exec.o)
 *fill*         0x000000000000fa4b        0x1 
 .rodata        0x000000000000fa4c       0x61 lib/orangescrt.a(check.o)

.rodata1
 *(.rodata1)

.eh_frame_hdr
 *(.eh_frame_hdr)
 *(.eh_frame_entry .eh_frame_entry.*)

.eh_frame       0x000000000000fab0     0x1314
 *(.eh_frame)
 .eh_frame      0x000000000000fab0       0x38 kernel/start.o
 .eh_frame      0x000000000000fae8      0x10c kernel/main.o
                                        0x124 (size before relaxing)
 .eh_frame      0x000000000000fbf4       0x60 kernel/clock.o
                                         0x78 (size before relaxing)
 .eh_frame      0x000000000000fc54       0xe0 kernel/keyboard.o
                                         0xf8 (size before relaxing)
 .eh_frame      0x000000000000fd34      0x13c kernel/tty.o
                                        0x154 (size before relaxing)
 .eh_frame      0x000000000000fe70      0x144 kernel/console.o
                                        0x15c (size before relaxing)
 .eh_frame      0x000000000000ffb4       0x60 kernel/i8259.o
                                         0x78 (size before relaxing)
 .eh_frame      0x0000000000010014       0xb0 kernel/protect.o
                                         0xc8 (size before relaxing)
 .eh_frame      0x00000000000100c4      0x218 kernel/proc.o
                                        0x230 (size before relaxing)
 .eh_frame      0x00000000000102dc       0x5c kernel/systask.o
                                         0x74 (size before relaxing)
 .eh_frame      0x0000000000010338      0x1c8 kernel/hd.o
                                        0x1e0 (size before relaxing)
 .eh_frame      0x0000000000010500       0xa0 kernel/klib.o
                                         0xb8 (size before relaxing)
 .eh_frame      0x00000000000105a0       0x20 lib/syslog.o
                                         0x38 (size before relaxing)
 .eh_frame      0x00000000000105c0       0x7c mm/main.o
                                         0x94 (size before relaxing)
 .eh_frame      0x000000000001063c       0x90 mm/forkexit.o
                                         0xa8 (size before relaxing)
 .eh_frame      0x00000000000106cc       0x2c mm/exec.o
                                         0x44 (size before relaxing)
 .eh_frame      0x00000000000106f8      0x170 fs/main.o
                                        0x188 (size before relaxing)
 .eh_frame      0x0000000000010868      0x120 fs/open.o
                                        0x138 (size before relaxing)
 .eh_frame      0x0000000000010988       0x68 fs/misc.o
                                         0x80 (size before relaxing)
 .eh_frame      0x00000000000109f0       0x2c fs/read_write.o
                                         0x44 (size before relaxing)
 .eh_frame      0x0000000000010a1c       0x2c fs/link.o
                                         0x44 (size before relaxing)
 .eh_frame      0x0000000000010a48       0x60 fs/disklog.o
                                         0x78 (size before relaxing)
 .eh_frame      0x0000000000010aa8       0x40 lib/orangescrt.a(printf.o)
                                         0x58 (size before relaxing)
 .eh_frame      0x0000000000010ae8       0x60 lib/orangescrt.a(vsprintf.o)
                                         0x78 (size before relaxing)
 .eh_frame      0x0000000000010b48       0xbc lib/orangescrt.a(misc.o)
                                         0xd4 (size before relaxing)
 .eh_frame      0x0000000000010c04       0x20 lib/orangescrt.a(open.o)
                                         0x38 (size before relaxing)
 .eh_frame      0x0000000000010c24       0x20 lib/orangescrt.a(read.o)
                                         0x38 (size before relaxing)
 .eh_frame      0x0000000000010c44       0x20 lib/orangescrt.a(write.o)
                                         0x38 (size before relaxing)
 .eh_frame      0x0000000000010c64       0x20 lib/orangescrt.a(close.o)
                                         0x38 (size before relaxing)
 .eh_frame      0x0000000000010c84       0x20 lib/orangescrt.a(getpid.o)
                                         0x38 (size before relaxing)
 .eh_frame      0x0000000000010ca4       0x20 lib/orangescrt.a(stat.o)
                                         0x38 (size before relaxing)
 .eh_frame      0x0000000000010cc4       0x20 lib/orangescrt.a(fork.o)
                                         0x38 (size before relaxing)
 .eh_frame      0x0000000000010ce4       0x20 lib/orangescrt.a(wait.o)
                                         0x38 (size before relaxing)
 .eh_frame      0x0000000000010d04       0x60 lib/orangescrt.a(exec.o)
                                         0x78 (size before relaxing)
 .eh_frame      0x0000000000010d64       0x40 lib/orangescrt.a(check.o)
                                         0x58 (size before relaxing)
 .eh_frame      0x0000000000010da4       0x20 lib/orangescrt.a(lseek.o)
                                         0x38 (size before relaxing)
 *(.eh_frame.*)

.gcc_except_table
 *(.gcc_except_table .gcc_except_table.*)

.gnu_extab
 *(.gnu_extab*)

.exception_ranges
 *(.exception_ranges .exception_ranges*)
                0x0000000000011000                . = DATA_SEGMENT_ALIGN (0x1000, 0x1000)

.eh_frame
 *(.eh_frame)
 *(.eh_frame.*)

.gnu_extab
 *(.gnu_extab)

.gcc_except_table
 *(.gcc_except_table .gcc_except_table.*)

.exception_ranges
 *(.exception_ranges .exception_ranges*)

.tdata
 *(.tdata .tdata.* .gnu.linkonce.td.*)

.tbss
 *(.tbss .tbss.* .gnu.linkonce.tb.*)
 *(.tcommon)

.preinit_array  0x0000000000011000        0x0
                [!provide]                        PROVIDE (__preinit_array_start, .)
 *(.preinit_array)
                [!provide]                        PROVIDE (__preinit_array_end, .)

.init_array     0x0000000000011000        0x0
                [!provide]                        PROVIDE (__init_array_start, .)
 *(SORT(.init_array.*) SORT(.ctors.*))
 *(.init_array EXCLUDE_FILE(*crtend?.o *crtend.o *crtbegin?.o *crtbegin.o) .ctors)
                [!provide]                        PROVIDE (__init_array_end, .)

.fini_array     0x0000000000011000        0x0
                [!provide]                        PROVIDE (__fini_array_start, .)
 *(SORT(.fini_array.*) SORT(.dtors.*))
 *(.fini_array EXCLUDE_FILE(*crtend?.o *crtend.o *crtbegin?.o *crtbegin.o) .dtors)
                [!provide]                        PROVIDE (__fini_array_end, .)

.ctors
 *crtbegin.o(.ctors)
 *crtbegin?.o(.ctors)
 *(EXCLUDE_FILE(*crtend?.o *crtend.o) .ctors)
 *(SORT(.ctors.*))
 *(.ctors)

.dtors
 *crtbegin.o(.dtors)
 *crtbegin?.o(.dtors)
 *(EXCLUDE_FILE(*crtend?.o *crtend.o) .dtors)
 *(SORT(.dtors.*))
 *(.dtors)

.jcr
 *(.jcr)

.data.rel.ro
 *(.data.rel.ro.local* .gnu.linkonce.d.rel.ro.local.*)
 *(.data.rel.ro .data.rel.ro.* .gnu.linkonce.d.rel.ro.*)

.dynamic
 *(.dynamic)

.got
 *(.got)
 *(.igot)
                0x0000000000011000                . = DATA_SEGMENT_RELRO_END (., (SIZEOF (.got.plt) >= 0xc)?0xc:0x0)

.got.plt        0x0000000000011000        0x0
 *(.got.plt)
 *(.igot.plt)
 .igot.plt      0x0000000000011000        0x0 kernel/kernel.o

.data           0x0000000000011000      0xa4c
 *(.data .data.* .gnu.linkonce.d.*)
 .data          0x0000000000011000        0x2 kernel/kernel.o
 .data          0x0000000000011002        0x0 kernel/start.o
 .data          0x0000000000011002        0x0 kernel/main.o
 .data          0x0000000000011002        0x0 kernel/clock.o
 *fill*         0x0000000000011002       0x1e 
 .data          0x0000000000011020      0x600 kernel/keyboard.o
                0x0000000000011020                keymap
 .data          0x0000000000011620       0x22 kernel/tty.o
 .data          0x0000000000011642        0x0 kernel/console.o
 .data          0x0000000000011642        0x0 kernel/i8259.o
 *fill*         0x0000000000011642       0x1e 
 .data          0x0000000000011660      0x3ec kernel/global.o
                0x0000000000011660                task_table
                0x0000000000011740                user_proc_table
                0x00000000000117e0                sys_call_table
                0x00000000000117ec                dd_map
                0x0000000000011804                fsbuf
                0x0000000000011808                mmbuf
                0x000000000001180c                logbuf
                0x0000000000011810                logdiskbuf
                0x0000000000011820                queue_1
                0x00000000000118e0                queue_2
                0x00000000000119a0                queue_3
                0x0000000000011a48                proc_timeslice
 .data          0x0000000000011a4c        0x0 kernel/protect.o
 .data          0x0000000000011a4c        0x0 kernel/proc.o
 .data          0x0000000000011a4c        0x0 kernel/systask.o
 .data          0x0000000000011a4c        0x0 kernel/hd.o
 .data          0x0000000000011a4c        0x0 kernel/klib.o
 .data          0x0000000000011a4c        0x0 lib/syslog.o
 .data          0x0000000000011a4c        0x0 mm/main.o
 .data          0x0000000000011a4c        0x0 mm/forkexit.o
 .data          0x0000000000011a4c        0x0 mm/exec.o
 .data          0x0000000000011a4c        0x0 fs/main.o
 .data          0x0000000000011a4c        0x0 fs/open.o
 .data          0x0000000000011a4c        0x0 fs/misc.o
 .data          0x0000000000011a4c        0x0 fs/read_write.o
 .data          0x0000000000011a4c        0x0 fs/link.o
 .data          0x0000000000011a4c        0x0 fs/disklog.o
 .data          0x0000000000011a4c        0x0 lib/orangescrt.a(printf.o)
 .data          0x0000000000011a4c        0x0 lib/orangescrt.a(vsprintf.o)
 .data          0x0000000000011a4c        0x0 lib/orangescrt.a(misc.o)
 .data          0x0000000000011a4c        0x0 lib/orangescrt.a(open.o)
 .data          0x0000000000011a4c        0x0 lib/orangescrt.a(read.o)
 .data          0x0000000000011a4c        0x0 lib/orangescrt.a(write.o)
 .data          0x0000000000011a4c        0x0 lib/orangescrt.a(close.o)
 .data          0x0000000000011a4c        0x0 lib/orangescrt.a(getpid.o)
 .data          0x0000000000011a4c        0x0 lib/orangescrt.a(stat.o)
 .data          0x0000000000011a4c        0x0 lib/orangescrt.a(fork.o)
 .data          0x0000000000011a4c        0x0 lib/orangescrt.a(wait.o)
 .data          0x0000000000011a4c        0x0 lib/orangescrt.a(exec.o)
 .data          0x0000000000011a4c        0x0 lib/orangescrt.a(check.o)
 .data          0x0000000000011a4c        0x0 lib/orangescrt.a(lseek.o)

.data1
 *(.data1)
                0x0000000000011a4c                _edata = .
                [!provide]                        PROVIDE (edata, .)
                0x0000000000011a4c                . = .
                0x0000000000011a4c                __bss_start = .

.bss            0x0000000000011a60    0x2b8c0
 *(.dynbss)
 *(.bss .bss.* .gnu.linkonce.b.*)
 .bss           0x0000000000011a60      0x800 kernel/kernel.o
 .bss           0x0000000000012260        0x0 kernel/start.o
 .bss           0x0000000000012260        0x0 kernel/main.o
 .bss           0x0000000000012260        0x0 kernel/clock.o
 .bss           0x0000000000012260       0x58 kernel/keyboard.o
 .bss           0x00000000000122b8        0x0 kernel/tty.o
 .bss           0x00000000000122b8        0x0 kernel/console.o
 .bss           0x00000000000122b8        0x0 kernel/i8259.o
 .bss           0x00000000000122b8        0x8 kernel/global.o
                0x00000000000122b8                proc_runtime
                0x00000000000122bc                check_count
 .bss           0x00000000000122c0        0x0 kernel/protect.o
 .bss           0x00000000000122c0        0x0 kernel/proc.o
 .bss           0x00000000000122c0        0x0 kernel/systask.o
 .bss           0x00000000000122c0      0x64c kernel/hd.o
 .bss           0x000000000001290c        0x0 kernel/klib.o
 .bss           0x000000000001290c        0x0 lib/syslog.o
 .bss           0x000000000001290c        0x0 mm/main.o
 .bss           0x000000000001290c        0x0 mm/forkexit.o
 .bss           0x000000000001290c        0x0 mm/exec.o
 .bss           0x000000000001290c        0x0 fs/main.o
 .bss           0x000000000001290c        0x0 fs/open.o
 .bss           0x000000000001290c        0x0 fs/misc.o
 .bss           0x000000000001290c        0x0 fs/read_write.o
 .bss           0x000000000001290c        0x0 fs/link.o
 *fill*         0x000000000001290c       0x14 
 .bss           0x0000000000012920      0x208 fs/disklog.o
 .bss           0x0000000000012b28        0x0 lib/orangescrt.a(printf.o)
 .bss           0x0000000000012b28        0x0 lib/orangescrt.a(vsprintf.o)
 .bss           0x0000000000012b28        0x0 lib/orangescrt.a(misc.o)
 .bss           0x0000000000012b28        0x0 lib/orangescrt.a(open.o)
 .bss           0x0000000000012b28        0x0 lib/orangescrt.a(read.o)
 .bss           0x0000000000012b28        0x0 lib/orangescrt.a(write.o)
 .bss           0x0000000000012b28        0x0 lib/orangescrt.a(close.o)
 .bss           0x0000000000012b28        0x0 lib/orangescrt.a(getpid.o)
 .bss           0x0000000000012b28        0x0 lib/orangescrt.a(stat.o)
 .bss           0x0000000000012b28        0x0 lib/orangescrt.a(fork.o)
 .bss           0x0000000000012b28        0x0 lib/orangescrt.a(wait.o)
 .bss           0x0000000000012b28        0x0 lib/orangescrt.a(exec.o)
 .bss           0x0000000000012b28        0x0 lib/orangescrt.a(check.o)
 .bss           0x0000000000012b28        0x0 lib/orangescrt.a(lseek.o)
 *(COMMON)
 *fill*         0x0000000000012b28       0x18 
 COMMON         0x0000000000012b40    0x2a7ce kernel/global.o
                0x0000000000012b40                idt_ptr
                0x0000000000012b60                inode_table
                0x0000000000013660                task_stack
                0x0000000000037660                k_reenter
                0x0000000000037680                gdt
                0x0000000000037a80                current_console
                0x0000000000037a84                mulp
                0x0000000000037a88                pcaller
                0x0000000000037aa0                tty_table
                0x0000000000038720                tss
                0x00000000000387a0                fs_msg
                0x00000000000387d0                memory_size
                0x00000000000387e0                f_desc_table
                0x0000000000038be0                check_table
                0x0000000000038d70                root_inode
                0x0000000000038d74                disp_pos
                0x0000000000038d80                mm_msg
                0x0000000000038db0                key_pressed
                0x0000000000038db4                gdt_ptr
                0x0000000000038dc0                idt
                0x00000000000395c0                super_block
                0x00000000000397a0                ticks
                0x00000000000397c0                console_table
                0x0000000000039800                irq_table
                0x0000000000039840                p_proc_ready
                0x0000000000039860                proc_table
 *fill*         0x000000000003d30e        0x2 
 COMMON         0x000000000003d310       0x10 kernel/hd.o
                0x000000000003d310                PARTITION_ENTRY
                0x000000000003d320                . = ALIGN ((. != 0x0)?0x4:0x1)
                0x000000000003d320                . = ALIGN (0x4)
                0x000000000003d320                . = SEGMENT_START ("ldata-segment", .)
                0x000000000003d320                . = ALIGN (0x4)
                0x000000000003d320                _end = .
                [!provide]                        PROVIDE (end, .)
                0x000000000003d320                . = DATA_SEGMENT_END (.)

.stab
 *(.stab)

.stabstr
 *(.stabstr)

.stab.excl
 *(.stab.excl)

.stab.exclstr
 *(.stab.exclstr)

.stab.index
 *(.stab.index)

.stab.indexstr
 *(.stab.indexstr)

.comment        0x0000000000000000       0x35
 *(.comment)
 .comment       0x0000000000000000       0x35 kernel/start.o
                                         0x36 (size before relaxing)
 .comment       0x0000000000000035       0x36 kernel/main.o
 .comment       0x0000000000000035       0x36 kernel/clock.o
 .comment       0x0000000000000035       0x36 kernel/keyboard.o
 .comment       0x0000000000000035       0x36 kernel/tty.o
 .comment       0x0000000000000035       0x36 kernel/console.o
 .comment       0x0000000000000035       0x36 kernel/i8259.o
 .comment       0x0000000000000035       0x36 kernel/global.o
 .comment       0x0000000000000035       0x36 kernel/protect.o
 .comment       0x0000000000000035       0x36 kernel/proc.o
 .comment       0x0000000000000035       0x36 kernel/systask.o
 .comment       0x0000000000000035       0x36 kernel/hd.o
 .comment       0x0000000000000035       0x36 kernel/klib.o
 .comment       0x0000000000000035       0x36 lib/syslog.o
 .comment       0x0000000000000035       0x36 mm/main.o
 .comment       0x0000000000000035       0x36 mm/forkexit.o
 .comment       0x0000000000000035       0x36 mm/exec.o
 .comment       0x0000000000000035       0x36 fs/main.o
 .comment       0x0000000000000035       0x36 fs/open.o
 .comment       0x0000000000000035       0x36 fs/misc.o
 .comment       0x0000000000000035       0x36 fs/read_write.o
 .comment       0x0000000000000035       0x36 fs/link.o
 .comment       0x0000000000000035       0x36 fs/disklog.o
 .comment       0x0000000000000035       0x36 lib/orangescrt.a(printf.o)
 .comment       0x0000000000000035       0x36 lib/orangescrt.a(vsprintf.o)
 .comment       0x0000000000000035       0x36 lib/orangescrt.a(misc.o)
 .comment       0x0000000000000035       0x36 lib/orangescrt.a(open.o)
 .comment       0x0000000000000035       0x36 lib/orangescrt.a(read.o)
 .comment       0x0000000000000035       0x36 lib/orangescrt.a(write.o)
 .comment       0x0000000000000035       0x36 lib/orangescrt.a(close.o)
 .comment       0x0000000000000035       0x36 lib/orangescrt.a(getpid.o)
 .comment       0x0000000000000035       0x36 lib/orangescrt.a(stat.o)
 .comment       0x0000000000000035       0x36 lib/orangescrt.a(fork.o)
 .comment       0x0000000000000035       0x36 lib/orangescrt.a(wait.o)
 .comment       0x0000000000000035       0x36 lib/orangescrt.a(exec.o)
 .comment       0x0000000000000035       0x36 lib/orangescrt.a(check.o)
 .comment       0x0000000000000035       0x36 lib/orangescrt.a(lseek.o)

.debug
 *(.debug)

.line
 *(.line)

.debug_srcinfo
 *(.debug_srcinfo)

.debug_sfnames
 *(.debug_sfnames)

.debug_aranges
 *(.debug_aranges)

.debug_pubnames
 *(.debug_pubnames)

.debug_info
 *(.debug_info .gnu.linkonce.wi.*)

.debug_abbrev
 *(.debug_abbrev)

.debug_line
 *(.debug_line .debug_line.* .debug_line_end)

.debug_frame
 *(.debug_frame)

.debug_str
 *(.debug_str)

.debug_loc
 *(.debug_loc)

.debug_macinfo
 *(.debug_macinfo)

.debug_weaknames
 *(.debug_weaknames)

.debug_funcnames
 *(.debug_funcnames)

.debug_typenames
 *(.debug_typenames)

.debug_varnames
 *(.debug_varnames)

.debug_pubtypes
 *(.debug_pubtypes)

.debug_ranges
 *(.debug_ranges)

.debug_macro
 *(.debug_macro)

.gnu.attributes
 *(.gnu.attributes)

/DISCARD/
 *(.note.GNU-stack)
 *(.gnu_debuglink)
 *(.gnu.lto_*)
OUTPUT(kernel.bin elf32-i386)
